// Vitest Snapshot v1, https://vitest.dev/guide/snapshot.html

exports[`utils > makeMatchConditions > should log a warning and return an always-false callback when conditions are conflicting 1`] = `"() => false"`;

exports[`utils > makeMatchConditions > should log a warning and return an always-false callback when conditions are conflicting 2`] = `
[
  "Conflicting match conditions for field field, the template will be ignored.",
  Set {
    "value",
  },
]
`;
