// Vitest Snapshot v1, https://vitest.dev/guide/snapshot.html

exports[`ProductTemplateController > when the template contains both section and other nodes > should call #getTemplateNodeType with the appropriate sections 1`] = `
[
  [
    
            ,
  ],
  [
    <atomic-result-section-visual>
      section
    </atomic-result-section-visual>,
  ],
  [
    
            ,
  ],
  [
    <span>
      other
    </span>,
  ],
  [
    
          ,
  ],
]
`;
