// Jest Snapshot v1, https://goo.gl/fbAQLP

exports[`#logDocumentQuickview when analyticsMode is \`legacy\` should call coveo.analytics.makeRecommendationOpen properly 1`] = `
[
  {
    "collectionName": "example collectionName",
    "documentAuthor": "unknown",
    "documentPosition": 1,
    "documentTitle": "example documentTitle",
    "documentUri": "example documentUri",
    "documentUriHash": "example documentUriHash",
    "documentUrl": "example documentUrl",
    "queryPipeline": "",
    "rankingModifier": "example rankingModifier",
    "sourceName": "example sourceName",
  },
  {
    "contentIDKey": "permanentid",
    "contentIDValue": "example contentIDValue",
  },
]
`;

exports[`#logDocumentQuickview when analyticsMode is \`next\` should call relay.emit properly 1`] = `
[
  "itemClick",
  {
    "actionCause": "preview",
    "itemMetadata": {
      "author": "unknown",
      "title": "example documentTitle",
      "uniqueFieldName": "permanentid",
      "uniqueFieldValue": "example contentIDValue",
      "url": "example documentUrl",
    },
    "position": 1,
    "searchUid": "",
  },
]
`;
