// Jest Snapshot v1, https://goo.gl/fbAQLP

exports[`Search Layout #buildSearchLayout when the atomic-search-layout component contains a main & facets sections
    should match snapshot 1`] = `
"atomic-search-layout#abc { display: grid }@media only screen and (min-width: 1024px) {
      atomic-search-layout#abc {
        grid-template-areas:
          '. .                     atomic-section-search .'
          '. atomic-section-facets atomic-section-main   .'
          '. atomic-section-facets .                     .';
        grid-template-columns: 
          1fr minmax(200px, 300px) minmax(1000px, 1200px) 1fr;
        column-gap: var(--atomic-layout-spacing-x);
      }

      atomic-search-layout#abc atomic-layout-section[section=\\"facets\\"] {
        display: block;
      }
    }"
`;

exports[`Search Layout #buildSearchLayout when the atomic-search-layout component contains a status section which contains a atomic-refine-toggle component
    should match snapshot 1`] = `
"atomic-search-layout#abc { display: grid }atomic-search-layout#abc atomic-layout-section[section=\\"status\\"] atomic-sort-dropdown {
      display:none;
    }

    @media only screen and (min-width: 1024px) {
     atomic-search-layout#abc atomic-layout-section[section=\\"status\\"] atomic-sort-dropdown {
       display:block;
      }

      atomic-search-layout#abc atomic-layout-section[section=\\"status\\"] atomic-refine-toggle {
        display: none;
       }
    }"
`;

exports[`Search Layout #buildSearchLayout when the atomic-search-layout component is empty
    should match snapshot 1`] = `"atomic-search-layout#abc { display: grid }"`;
