// Vitest Snapshot v1, https://vitest.dev/guide/snapshot.html

exports[`button > matches known snapshot 1`] = `
<button
  class="btn-primary"
>
  
      
  <span
    class="truncate"
  >
    Default test text
  </span>
  
      
  
    
</button>
`;
