// Jest Snapshot v1, https://goo.gl/fbAQLP

exports[`engine should throw an error if trackingId is not set in the analytics configuration and analyticsMode is next 1`] = `"analytics.trackingId is required when analytics.analyticsMode="next""`;
